acl.tcz
adwaita-icon-theme.tcz
aterm.tcz
at-spi2-core.tcz
attr.tcz
bash.tcz
binutils.tcz
bzip2-lib.tcz
cairo.tcz
coreutils.tcz
dbus.tcz
desktop-file-utils.tcz
expat2.tcz
fakeroot.tcz
file.tcz
flex.tcz
fltk-1.3.tcz
flwm_topside.tcz
fontconfig.tcz
freetype.tcz
fribidi.tcz
gamin.tcz
gcc_base-dev.tcz
gcc_libs-dev.tcz
gcc_libs.tcz
gcc.tcz
gdk-pixbuf2.tcz
gdk-pixbuf2-xlib.tcz
geany.tcz
glib2.tcz
glibc_base-dev.tcz
gmp.tcz
graphite2.tcz
gtk2.tcz
gtk-update-icon-cache.tcz
harfbuzz.tcz
hicolor-icon-theme.tcz
imlib2-bin.tcz
imlib2.tcz
isl.tcz
libcroco.tcz
libffi.tcz
libfontenc.tcz
libICE.tcz
libjpeg-turbo.tcz
liblzma.tcz
libpng.tcz
librsvg.tcz
libSM.tcz
libstartup-notification.tcz
libtiff.tcz
libX11-dev.tcz
libX11.tcz
libXau-dev.tcz
libXau.tcz
libxcb-dev.tcz
libxcb.tcz
libXcomposite.tcz
libXcursor.tcz
libXdamage.tcz
libXdmcp-dev.tcz
libXdmcp.tcz
libXext.tcz
libXfixes.tcz
libXfont.tcz
libXft.tcz
libXinerama.tcz
libXi.tcz
libxml2.tcz
libXmu.tcz
libXrandr.tcz
libXrender.tcz
libXtst.tcz
libXt.tcz
libzstd.tcz
linux-6.18_api_headers.tcz
m4.tcz
mpc.tcz
mpfr.tcz
nano.tcz
ncursesw.tcz
pango.tcz
pcre21042.tcz
pcre.tcz
pixman.tcz
readline.tcz
shared-mime-info.tcz
spacefm.tcz
udev-lib.tcz
util-linux.tcz
util-macros.tcz
wbar.tcz
xcb-proto.tcz
xdg-utils.tcz
Xlibs.tcz
xorg-proto.tcz
Xprogs.tcz
xtrans.tcz
Xvesa.tcz
